C:\Users\User1\Downloads\activities-Kimberlyka24\Activity-02> python analyze_log.py cowrie-tiny.log --task failed-logins --min-count 1
Source IP       Failures
------------------------
197.5.145.69          28
2.82.170.124          25
106.13.236.133        24
159.89.130.245        18
167.71.234.157        17
139.186.77.46         17
104.42.113.137        15
121.102.93.198        15
122.51.81.247         14
190.52.191.49         14
139.59.39.185         13
210.178.121.46        11
146.0.209.73          11
167.71.141.205         1
207.154.196.106        1
185.191.124.143        1
162.247.74.200         1
185.247.224.14         1
185.100.87.202         1
175.125.94.166         1


C:\Users\User1\Downloads\activities-Kimberlyka24\Activity-02> python analyze_log.py cowrie-tiny.log --task failed-logins --min-count 5
Source IP      Failures
-----------------------
197.5.145.69         28
2.82.170.124         25
106.13.236.133       24
159.89.130.245       18
167.71.234.157       17
139.186.77.46        17
104.42.113.137       15
121.102.93.198       15
122.51.81.247        14
190.52.191.49        14
139.59.39.185        13
210.178.121.46       11
146.0.209.73         11


C:\Users\User1\Downloads\activities-Kimberlyka24\Activity-02> python analyze_log.py cowrie-tiny.log --task connections
Connections per minute
Timestamp           Count
-------------------------
2021-06-01 00:00        4
2021-06-01 00:01        6
2021-06-01 00:02        2
2021-06-01 00:03        6
2021-06-01 00:04        5
2021-06-01 00:05        5
2021-06-01 00:06        4
2021-06-01 00:07        1
2021-06-01 00:08        8
2021-06-01 00:09        1
2021-06-01 00:10        7
2021-06-01 00:11        5
2021-06-01 00:12        2
2021-06-01 00:13        4
2021-06-01 00:14        6
2021-06-01 00:15        3
2021-06-01 00:16        5
2021-06-01 00:17        2
2021-06-01 00:18        6
2021-06-01 00:19        2
2021-06-01 00:20        6
2021-06-01 00:21        4
2021-06-01 00:22        3
2021-06-01 00:23        4
2021-06-01 00:24        5
2021-06-01 00:25        4
2021-06-01 00:26        9
2021-06-01 00:27        5
2021-06-01 00:28       13
2021-06-01 00:29        6
2021-06-01 00:30        8
2021-06-01 00:31        9
2021-06-01 00:32        4
2021-06-01 00:33       10
2021-06-01 00:34        7
2021-06-01 00:35        6
2021-06-01 00:36        8
2021-06-01 00:37        5
2021-06-01 00:38        8
2021-06-01 00:39        8
2021-06-01 00:40        7
2021-06-01 00:41        7
2021-06-01 00:42        5
2021-06-01 00:43       10
2021-06-01 00:44        5
2021-06-01 00:45        7
2021-06-01 00:46        9
2021-06-01 00:47        6
2021-06-01 00:48        8
2021-06-01 00:49        6
2021-06-01 00:50       10
2021-06-01 00:51        3
2021-06-01 00:52       10
2021-06-01 00:53        6
2021-06-01 00:54       11
2021-06-01 00:55        7
2021-06-01 00:56        7
2021-06-01 00:57        3
2021-06-01 00:58        9
2021-06-01 00:59        8


C:\Users\User1\Downloads\activities-Kimberlyka24\Activity-02> python analyze_log.py cowrie-tiny.log --task identify-bots --min-ips 3
Fingerprints seen from â‰¥ 3 unique IPs
Fingerprint                                        IPs
-----------------------------------------------------
51cba57125523ce4b9db67714a90bf6e                    17
1616c6d18e845e7a01168a44591f7a35                     4
eccf733a56108dec8ecc8efbc681be63                     3
2f300334eb474e4d5ef932343447dd80                     3


C:\Users\User1\Downloads\activities-Kimberlyka24\Activity-02> python analyze_log.py cowrie-tiny.log --task successful-creds
Username        Password        IP Count
---------------------------------------------
b'root'         b'admin'        8
b'root'         b'password'     1
b'oracle'       b'oracle'       1


C:\Users\User1\Downloads\activities-Kimberlyka24\Activity-02> python analyze_log.py cowrie-tiny.log --task top-commands   
Command                                                                                                                                                                                                                                                                                                                                                                                                                                                                      Count      
--------------------------------------------------------------------------------------------------------------------------------------------------------------------------------------------------------------------------------------------------------------------------------------------------------------------------------------------------------------------------------------------------------------------------------------------------------------------------------------------------------------      
cat /proc/cpuinfo | grep name | wc -l                                                                                        
                                                                                                                             
                                                                                                                             
                                                                                                                      2      
cat /proc/cpuinfo | grep name | head -n 1 | awk '{print $4,$5,$6,$7,$8,$9;}'                                                 
                                                                                                                             
                                                                                                                             
                                                                                                                      2      
free -m | grep Mem | awk '{print $2 ,$3, $4, $5, $6, $7}'                                                                    
                                                                                                                             
                                                                                                                             
                                                                                                                      2      
ls -lh $(which ls)                                                                                                           
                                                                                                                             
                                                                                                                             
                                                                                                                      2      
which ls                                                                                                                     
                                                                                                                             
                                                                                                                             
                                                                                                                      2      
crontab -l                                                                                                                   
                                                                                                                             
                                                                                                                             
                                                                                                                      2      
w                                                                                                                            
                                                                                                                             
                                                                                                                             
                                                                                                                      2      
uname -m                                                                                                                     
                                                                                                                             
                                                                                                                             
                                                                                                                      2      
cat /proc/cpuinfo | grep model | grep name | wc -l                                                                           
                                                                                                                             
                                                                                                                             
                                                                                                                      2      
top                                                                                                                          
                                                                                                                             
                                                                                                                             
                                                                                                                      2      
uname                                                                                                                        
                                                                                                                             
                                                                                                                             
                                                                                                                      2      
uname -a                                                                                                                     
                                                                                                                             
                                                                                                                             
                                                                                                                      2      
lscpu | grep Model                                                                                                           
                                                                                                                             
                                                                                                                             
                                                                                                                      2      
cd ~ && rm -rf .ssh && mkdir .ssh && echo "ssh-rsa AAAAB3NzaC1yc2EAAAABJQAAAQEArDp4cun2lhr4KUhBGE7VvAcwdli2a8dbnrTOrbMz1+5O73fcBOx8NVbUT0bUanUV9tJ2/9p7+vD0EpZ3Tz/+0kX34uAx1RV/75GVOmNx+9EuWOnvNoaJe0QXxziIg9eLBHpgLMuakb5+BgTFB+rKJAw9u9FSTDengvS8hX1kNFS4Mjux0hJOK8rvcEmPecjdySYMb66nylAKGwCEE6WEQHmd1mUPgHwGQ0hWCwsQk13yCGPK5w6hYp5zYkFnvlC8hGmd4Ww+u97k6pfTGTUbJk14ujvcD9iUKQTTWYYjIIu5PmUux5bsZ0R4WFwdIe6+i6rBLAsPKgAySVKPRK+oRw== mdrfckr">>.ssh/authorized_keys && chmod -R go= ~/.ssh && cd ~        2      
echo "root:w4ftbd9NCNOE"|chpasswd|bash                                                                                       
                                                                                                                             
                                                                                                                             
                                                                                                                      1      
echo -e "oracle\nqj5u2kLRYqgF\nqj5u2kLRYqgF"|passwd|bash                                                                     
                                                                                                                             
                                                                                                                             
                                                                                                                      1      
Enter new UNIX password:                                                                                                     
                                                                                                                             
                                                                                                                             
                                                                                                                      1      
echo "oracle\nqj5u2kLRYqgF\nqj5u2kLRYqgF\n"|passwd